<html>
<body>
<pre>
<h1>礦ision Build Log</h1>
<h2>Tool Versions:</h2>
IDE-Version: μVision V5.29.0.0
Copyright (C) 2019 ARM Ltd and ARM Germany GmbH. All rights reserved.
License Information: Yan Yimning, wuzhou, LIC=NHY30-B3CKF-04HSQ-NKA5M-6EJBL-VFHCP
 
Tool Versions:
Toolchain:       MDK-ARM Professional  Version: 5.29.0.0
Toolchain Path:  C:\Keil\MDK5\ARM\ARMCC\Bin
C Compiler:      Armcc.exe V5.06 update 6 (build 750)
Assembler:       Armasm.exe V5.06 update 6 (build 750)
Linker/Locator:  ArmLink.exe V5.06 update 6 (build 750)
Library Manager: ArmAr.exe V5.06 update 6 (build 750)
Hex Converter:   FromElf.exe V5.06 update 6 (build 750)
CPU DLL:         SARMCM3.DLL V5.29.0.0
Dialog DLL:      DCM.DLL V1.17.3.0
Target DLL:      Segger\JL2CM3.dll V2.99.36.0
Dialog DLL:      TCM.DLL V1.36.5.0
 
<h2>Project:</h2>
C:\Users\Yimning\Desktop\RFID\课程设计\RC522-管理员端\USER\RC522.uvprojx
Project File Date:  06/09/2020

<h2>Output:</h2>
*** Using Compiler 'V5.06 update 6 (build 750)', folder: 'C:\Keil\MDK5\ARM\ARMCC\Bin'
Build target 'Template'
compiling main.c...
..\HARDWARE\SERVICE\implement.h(11): warning:  #1295-D: Deprecated declaration ReadCard - give arg types
  u8 ReadCard();  //读卡
..\HARDWARE\SERVICE\implement.h(12): warning:  #1295-D: Deprecated declaration WriteCard - give arg types
  u8 WriteCard();  //写卡
..\HARDWARE\SERVICE\implement.h(13): warning:  #1295-D: Deprecated declaration WriteSnr - give arg types
  u8 WriteSnr();
..\HARDWARE\SERVICE\implement.h(14): warning:  #1295-D: Deprecated declaration ReadSnr - give arg types
  u8 ReadSnr();
..\HARDWARE\DISPLAYTIME\displaytime.h(5): warning:  #1295-D: Deprecated declaration displaytime - give arg types
  u8 displaytime();   
..\HARDWARE\DISPLAYTIME\displaytime.h(6): warning:  #1-D: last line of file ends without a newline
  #endif
main.c(29): warning:  #177-D: variable "status"  was declared but never referenced
  	unsigned char status;
main.c: 7 warnings, 0 errors
linking...
Program Size: Code=10000 RO-data=6500 RW-data=80 ZI-data=2904  
FromELF: creating hex file...
"..\OBJ\Template.axf" - 0 Error(s), 7 Warning(s).

<h2>Software Packages used:</h2>

Package Vendor: Keil
                http://www.keil.com/pack/Keil.STM32F1xx_DFP.1.1.0.pack
                Keil.STM32F1xx_DFP.1.1.0
                STMicroelectronics STM32F1 Series Device Support, Drivers and Examples

<h2>Collection of Component include folders:</h2>
  .\RTE\_Template
  C:\Keil\MDK5\Packs\Keil\STM32F1xx_DFP\1.1.0\Device\Include

<h2>Collection of Component Files used:</h2>
Build Time Elapsed:  00:00:06
</pre>
</body>
</html>
